// Jest Snapshot v1, https://goo.gl/fbAQLP

exports[`renders correctly 1`] = `
<View
  style={
    [
      {
        "borderColor": "#828B99",
        "borderRadius": 15,
        "borderWidth": 2,
        "display": "flex",
        "height": 90,
        "justifyContent": "center",
        "marginVertical": 6,
        "paddingHorizontal": 10,
        "width": "100%",
      },
      undefined,
    ]
  }
>
  <TextInput
    keyboardType="default"
    style={
      [
        {
          "fontSize": 18,
        },
        undefined,
      ]
    }
  />
</View>
`;
